\BOOKMARK [0][-]{chapter*.1}{\376\377\000R\000e\000m\000e\000r\000c\000i\000e\000m\000e\000n\000t\000s}{}% 1
\BOOKMARK [0][-]{chapter*.2}{\376\377\000D\000\351\000d\000i\000c\000a\000c\000e}{}% 2
\BOOKMARK [0][-]{chapter*.3}{\376\377\000R\000\351\000s\000u\000m\000\351}{}% 3
\BOOKMARK [0][-]{chapter*.4}{\376\377\000A\000b\000s\000t\000r\000a\000c\000t}{}% 4
\BOOKMARK [0][-]{chapter*.5}{\376\377\000T\000a\000b\000l\000e\000\040\000d\000e\000s\000\040\000f\000i\000g\000u\000r\000e\000s}{}% 5
\BOOKMARK [0][-]{chapter*.5}{\376\377\000L\000i\000s\000t\000e\000\040\000d\000e\000s\000\040\000t\000a\000b\000l\000e\000a\000u\000x}{}% 6
\BOOKMARK [0][-]{chapter*.6}{\376\377\000L\000i\000s\000t\000e\000\040\000d\000e\000s\000\040\000a\000b\000r\000\351\000v\000i\000a\000t\000i\000o\000n\000s}{}% 7
\BOOKMARK [0][-]{chapter*.7}{\376\377\000I\000n\000t\000r\000o\000d\000u\000c\000t\000i\000o\000n\000\040\000G\000\351\000n\000\351\000r\000a\000l\000e}{}% 8
\BOOKMARK [0][-]{chapter.1}{\376\377\000C\000o\000n\000t\000e\000x\000t\000e\000\040\000g\000\351\000n\000\351\000r\000a\000l\000\040\000d\000u\000\040\000s\000t\000a\000g\000e}{}% 9
\BOOKMARK [1][-]{section.1.1}{\376\377\000I\000n\000t\000r\000o\000d\000u\000c\000t\000i\000o\000n}{chapter.1}% 10
\BOOKMARK [1][-]{section.1.2}{\376\377\000P\000r\000\351\000s\000e\000n\000t\000a\000t\000i\000o\000n\000\040\000d\000e\000\040\000l\000'\000o\000r\000g\000a\000n\000i\000s\000m\000e\000\040\000d\000'\000a\000c\000c\000u\000e\000i\000l}{chapter.1}% 11
\BOOKMARK [2][-]{subsection.1.2.1}{\376\377\000P\000r\000\351\000s\000e\000n\000t\000a\000t\000i\000o\000n\000\040\000g\000\351\000n\000\351\000r\000a\000l\000e\000\040\000d\000u\000\040\000C\000H\000U\000\040\000I\000b\000n\000\040\000S\000i\000n\000a}{section.1.2}% 12
\BOOKMARK [2][-]{subsection.1.2.2}{\376\377\000L\000e\000s\000\040\000\351\000t\000a\000b\000l\000i\000s\000s\000e\000m\000e\000n\000t\000s\000\040\000d\000u\000\040\000r\000\351\000s\000e\000a\000u}{section.1.2}% 13
\BOOKMARK [2][-]{subsection.1.2.3}{\376\377\000L\000e\000s\000\040\000m\000i\000s\000s\000i\000o\000n\000s\000\040\000d\000u\000\040\000C\000H\000U\000I\000S}{section.1.2}% 14
\BOOKMARK [2][-]{subsection.1.2.4}{\376\377\000C\000o\000n\000t\000e\000x\000t\000e\000\040\000n\000u\000m\000\351\000r\000i\000q\000u\000e\000\040\000e\000t\000\040\000e\000n\000j\000e\000u\000x\000\040\000i\000n\000f\000o\000r\000m\000a\000t\000i\000q\000u\000e\000s}{section.1.2}% 15
\BOOKMARK [1][-]{section.1.3}{\376\377\000A\000n\000a\000l\000y\000s\000e\000\040\000d\000e\000s\000\040\000b\000e\000s\000o\000i\000n\000s\000\040\000d\000u\000\040\000p\000r\000o\000j\000e\000t}{chapter.1}% 16
\BOOKMARK [2][-]{subsection.1.3.1}{\376\377\000B\000e\000s\000o\000i\000n\000s\000\040\000f\000o\000n\000c\000t\000i\000o\000n\000n\000e\000l\000s}{section.1.3}% 17
\BOOKMARK [2][-]{subsection.1.3.2}{\376\377\000B\000e\000s\000o\000i\000n\000s\000\040\000n\000o\000n\000\040\000f\000o\000n\000c\000t\000i\000o\000n\000n\000e\000l\000s}{section.1.3}% 18
\BOOKMARK [1][-]{section.1.4}{\376\377\000P\000r\000\351\000s\000e\000n\000t\000a\000t\000i\000o\000n\000\040\000d\000u\000\040\000p\000r\000o\000j\000e\000t}{chapter.1}% 19
\BOOKMARK [2][-]{subsection.1.4.1}{\376\377\000O\000b\000j\000e\000c\000t\000i\000f\000s}{section.1.4}% 20
\BOOKMARK [2][-]{subsection.1.4.2}{\376\377\000L\000i\000v\000r\000a\000b\000l\000e\000s}{section.1.4}% 21
\BOOKMARK [1][-]{section.1.5}{\376\377\000O\000u\000t\000i\000l\000s\000\040\000e\000t\000\040\000t\000e\000c\000h\000n\000o\000l\000o\000g\000i\000e\000s\000\040\000u\000t\000i\000l\000i\000s\000\351\000s}{chapter.1}% 22
\BOOKMARK [1][-]{section.1.6}{\376\377\000M\000\351\000t\000h\000o\000d\000o\000l\000o\000g\000i\000e\000\040\000d\000u\000\040\000p\000r\000o\000j\000e\000t}{chapter.1}% 23
\BOOKMARK [2][-]{subsection.1.6.1}{\376\377\000D\000i\000a\000g\000r\000a\000m\000m\000e\000\040\000d\000e\000\040\000G\000a\000n\000t\000t}{section.1.6}% 24
\BOOKMARK [2][-]{subsection.1.6.2}{\376\377\000A\000r\000c\000h\000i\000t\000e\000c\000t\000u\000r\000e\000\040\000g\000l\000o\000b\000a\000l\000e\000\040\000d\000e\000\040\000l\000a\000\040\000s\000o\000l\000u\000t\000i\000o\000n}{section.1.6}% 25
\BOOKMARK [1][-]{section.1.7}{\376\377\000C\000o\000n\000t\000r\000a\000i\000n\000t\000e\000s\000\040\000e\000t\000\040\000d\000i\000f\000f\000i\000c\000u\000l\000t\000\351\000s\000\040\000r\000e\000n\000c\000o\000n\000t\000r\000\351\000e\000s}{chapter.1}% 26
\BOOKMARK [1][-]{section.1.8}{\376\377\000\311\000t\000a\000t\000\040\000d\000e\000\040\000l\000'\000a\000r\000t\000\040\000e\000t\000\040\000s\000o\000l\000u\000t\000i\000o\000n\000s\000\040\000e\000x\000i\000s\000t\000a\000n\000t\000e\000s}{chapter.1}% 27
\BOOKMARK [2][-]{subsection.1.8.1}{\376\377\000S\000y\000s\000t\000\350\000m\000e\000s\000\040\000d\000e\000\040\000B\000u\000s\000i\000n\000e\000s\000s\000\040\000I\000n\000t\000e\000l\000l\000i\000g\000e\000n\000c\000e\000\040\000d\000a\000n\000s\000\040\000l\000e\000\040\000d\000o\000m\000a\000i\000n\000e\000\040\000h\000o\000s\000p\000i\000t\000a\000l\000i\000e\000r}{section.1.8}% 28
\BOOKMARK [2][-]{subsection.1.8.2}{\376\377\000C\000o\000n\000t\000e\000x\000t\000e\000\040\000d\000e\000\040\000l\000a\000\040\000s\000a\000n\000t\000\351\000\040\000n\000u\000m\000\351\000r\000i\000q\000u\000e\000\040\000a\000u\000\040\000M\000a\000r\000o\000c}{section.1.8}% 29
\BOOKMARK [2][-]{subsection.1.8.3}{\376\377\000L\000i\000m\000i\000t\000e\000s\000\040\000d\000e\000s\000\040\000s\000o\000l\000u\000t\000i\000o\000n\000s\000\040\000g\000\351\000n\000\351\000r\000i\000q\000u\000e\000s}{section.1.8}% 30
\BOOKMARK [1][-]{section.1.9}{\376\377\000C\000o\000n\000c\000l\000u\000s\000i\000o\000n}{chapter.1}% 31
\BOOKMARK [0][-]{chapter.2}{\376\377\000P\000i\000p\000e\000l\000i\000n\000e\000\040\000E\000T\000L\000\040\000:\000\040\000B\000r\000o\000n\000z\000e\000\040\000\040\000S\000i\000l\000v\000e\000r\000\040\000\040\000G\000o\000l\000d}{}% 32
\BOOKMARK [1][-]{section.2.1}{\376\377\000I\000n\000t\000r\000o\000d\000u\000c\000t\000i\000o\000n}{chapter.2}% 33
\BOOKMARK [1][-]{section.2.2}{\376\377\000O\000b\000j\000e\000c\000t\000i\000f\000\040\000d\000u\000\040\000p\000r\000o\000c\000e\000s\000s\000u\000s\000\040\000E\000T\000L}{chapter.2}% 34
\BOOKMARK [1][-]{section.2.3}{\376\377\000P\000r\000\351\000s\000e\000n\000t\000a\000t\000i\000o\000n\000\040\000d\000e\000\040\000l\000a\000\040\000s\000o\000u\000r\000c\000e\000\040\000d\000e\000\040\000d\000o\000n\000n\000\351\000e\000s}{chapter.2}% 35
\BOOKMARK [1][-]{section.2.4}{\376\377\000A\000r\000c\000h\000i\000t\000e\000c\000t\000u\000r\000e\000\040\000d\000u\000\040\000p\000i\000p\000e\000l\000i\000n\000e}{chapter.2}% 36
\BOOKMARK [1][-]{section.2.5}{\376\377\000L\000e\000s\000\040\000\351\000t\000a\000p\000e\000s\000\040\000d\000u\000\040\000p\000r\000o\000c\000e\000s\000s\000u\000s\000\040\000E\000T\000L}{chapter.2}% 37
\BOOKMARK [2][-]{subsection.2.5.1}{\376\377\000\311\000t\000a\000p\000e\000\040\0001\000\040\040\023\000\040\000E\000x\000t\000r\000a\000c\000t\000i\000o\000n\000\040\000:\000\040\000C\000o\000u\000c\000h\000e\000\040\000B\000r\000o\000n\000z\000e}{section.2.5}% 38
\BOOKMARK [2][-]{subsection.2.5.2}{\376\377\000\311\000t\000a\000p\000e\000\040\0002\000\040\040\023\000\040\000T\000r\000a\000n\000s\000f\000o\000r\000m\000a\000t\000i\000o\000n\000\040\000:\000\040\000C\000o\000u\000c\000h\000e\000\040\000S\000i\000l\000v\000e\000r}{section.2.5}% 39
\BOOKMARK [2][-]{subsection.2.5.3}{\376\377\000\311\000t\000a\000p\000e\000\040\0003\000\040\040\023\000\040\000E\000n\000r\000i\000c\000h\000i\000s\000s\000e\000m\000e\000n\000t\000\040\000:\000\040\000C\000o\000u\000c\000h\000e\000\040\000G\000o\000l\000d}{section.2.5}% 40
\BOOKMARK [1][-]{section.2.6}{\376\377\000A\000u\000t\000o\000m\000a\000t\000i\000s\000a\000t\000i\000o\000n\000\040\000e\000t\000\040\000d\000\351\000c\000l\000e\000n\000c\000h\000e\000m\000e\000n\000t}{chapter.2}% 41
\BOOKMARK [1][-]{section.2.7}{\376\377\000R\000\351\000s\000u\000l\000t\000a\000t\000s\000\040\000q\000u\000a\000n\000t\000i\000t\000a\000t\000i\000f\000s\000\040\000d\000u\000\040\000p\000i\000p\000e\000l\000i\000n\000e}{chapter.2}% 42
\BOOKMARK [1][-]{section.2.8}{\376\377\000C\000o\000n\000c\000l\000u\000s\000i\000o\000n}{chapter.2}% 43
\BOOKMARK [0][-]{chapter.3}{\376\377\000A\000n\000a\000l\000y\000s\000e\000\040\000E\000x\000p\000l\000o\000r\000a\000t\000o\000i\000r\000e\000\040\000d\000e\000s\000\040\000D\000o\000n\000n\000\351\000e\000s\000\040\000e\000t\000\040\000K\000P\000I\000s}{}% 44
\BOOKMARK [1][-]{section.3.1}{\376\377\000I\000n\000t\000r\000o\000d\000u\000c\000t\000i\000o\000n}{chapter.3}% 45
\BOOKMARK [1][-]{section.3.2}{\376\377\000S\000o\000u\000r\000c\000e\000s\000\040\000d\000e\000s\000\040\000d\000o\000n\000n\000\351\000e\000s}{chapter.3}% 46
\BOOKMARK [1][-]{section.3.3}{\376\377\000S\000t\000a\000t\000i\000s\000t\000i\000q\000u\000e\000s\000\040\000d\000e\000s\000c\000r\000i\000p\000t\000i\000v\000e\000s}{chapter.3}% 47
\BOOKMARK [2][-]{subsection.3.3.1}{\376\377\000V\000u\000e\000\040\000d\000'\000e\000n\000s\000e\000m\000b\000l\000e\000\040\000d\000u\000\040\000j\000e\000u\000\040\000d\000e\000\040\000d\000o\000n\000n\000\351\000e\000s\000\040\000u\000r\000g\000e\000n\000c\000e\000s}{section.3.3}% 48
\BOOKMARK [2][-]{subsection.3.3.2}{\376\377\000D\000i\000s\000t\000r\000i\000b\000u\000t\000i\000o\000n\000\040\000p\000a\000r\000\040\000n\000i\000v\000e\000a\000u\000\040\000d\000e\000\040\000t\000r\000i\000a\000g\000e}{section.3.3}% 49
\BOOKMARK [2][-]{subsection.3.3.3}{\376\377\000D\000i\000s\000t\000r\000i\000b\000u\000t\000i\000o\000n\000\040\000p\000a\000r\000\040\000o\000r\000i\000e\000n\000t\000a\000t\000i\000o\000n}{section.3.3}% 50
\BOOKMARK [2][-]{subsection.3.3.4}{\376\377\000A\000n\000a\000l\000y\000s\000e\000\040\000t\000e\000m\000p\000o\000r\000e\000l\000l\000e\000\040\000d\000e\000s\000\040\000f\000l\000u\000x}{section.3.3}% 51
\BOOKMARK [2][-]{subsection.3.3.5}{\376\377\000T\000o\000p\000\040\0001\0000\000\040\000d\000e\000s\000\040\000m\000o\000t\000i\000f\000s\000\040\000d\000e\000\040\000c\000o\000n\000s\000u\000l\000t\000a\000t\000i\000o\000n}{section.3.3}% 52
\BOOKMARK [1][-]{section.3.4}{\376\377\000S\000t\000r\000u\000c\000t\000u\000r\000e\000\040\000d\000u\000\040\000m\000o\000d\000\350\000l\000e\000\040\000d\000e\000\040\000d\000o\000n\000n\000\351\000e\000s\000\040\000G\000o\000l\000d}{chapter.3}% 53
\BOOKMARK [1][-]{section.3.5}{\376\377\000D\000\351\000f\000i\000n\000i\000t\000i\000o\000n\000\040\000d\000e\000s\000\040\000K\000P\000I\000s}{chapter.3}% 54
\BOOKMARK [2][-]{subsection.3.5.1}{\376\377\000K\000P\000I\000s\000\040\000g\000l\000o\000b\000a\000u\000x\000\040\000d\000u\000\040\000d\000a\000s\000h\000b\000o\000a\000r\000d}{section.3.5}% 55
\BOOKMARK [2][-]{subsection.3.5.2}{\376\377\000K\000P\000I\000s\000\040\000t\000e\000m\000p\000s\000\040\000r\000\351\000e\000l\000\040\000\050\000P\000a\000t\000i\000e\000n\000t\000s\000\040\000A\000c\000t\000u\000e\000l\000s\000\051}{section.3.5}% 56
\BOOKMARK [2][-]{subsection.3.5.3}{\376\377\000K\000P\000I\000s\000\040\000d\000'\000a\000l\000e\000r\000t\000e\000\040\000c\000o\000n\000f\000i\000g\000u\000r\000a\000b\000l\000e\000s}{section.3.5}% 57
\BOOKMARK [1][-]{section.3.6}{\376\377\000C\000o\000n\000c\000l\000u\000s\000i\000o\000n}{chapter.3}% 58
\BOOKMARK [0][-]{chapter.4}{\376\377\000M\000o\000d\000\350\000l\000e\000s\000\040\000d\000e\000\040\000M\000a\000c\000h\000i\000n\000e\000\040\000L\000e\000a\000r\000n\000i\000n\000g}{}% 59
\BOOKMARK [1][-]{section.4.1}{\376\377\000I\000n\000t\000r\000o\000d\000u\000c\000t\000i\000o\000n}{chapter.4}% 60
\BOOKMARK [1][-]{section.4.2}{\376\377\000O\000b\000j\000e\000c\000t\000i\000f\000s\000\040\000d\000e\000s\000\040\000m\000o\000d\000\350\000l\000e\000s\000\040\000M\000L}{chapter.4}% 61
\BOOKMARK [1][-]{section.4.3}{\376\377\000F\000e\000a\000t\000u\000r\000e\000\040\000E\000n\000g\000i\000n\000e\000e\000r\000i\000n\000g}{chapter.4}% 62
\BOOKMARK [2][-]{subsection.4.3.1}{\376\377\000F\000e\000a\000t\000u\000r\000e\000s\000\040\000p\000o\000u\000r\000\040\000X\000G\000B\000o\000o\000s\000t\000\040\000e\000t\000\040\000R\000a\000n\000d\000o\000m\000\040\000F\000o\000r\000e\000s\000t}{section.4.3}% 63
\BOOKMARK [2][-]{subsection.4.3.2}{\376\377\000E\000n\000c\000o\000d\000a\000g\000e\000\040\000d\000e\000s\000\040\000v\000a\000r\000i\000a\000b\000l\000e\000s\000\040\000c\000a\000t\000\351\000g\000o\000r\000i\000e\000l\000l\000e\000s}{section.4.3}% 64
\BOOKMARK [1][-]{section.4.4}{\376\377\000S\000t\000r\000a\000t\000\351\000g\000i\000e\000\040\000d\000'\000e\000n\000t\000r\000a\000\356\000n\000e\000m\000e\000n\000t\000\040\000e\000t\000\040\000v\000a\000l\000i\000d\000a\000t\000i\000o\000n}{chapter.4}% 65
\BOOKMARK [1][-]{section.4.5}{\376\377\000M\000o\000d\000\350\000l\000e\000\040\000X\000G\000B\000o\000o\000s\000t\000\040\040\023\000\040\000P\000r\000\351\000d\000i\000c\000t\000i\000o\000n\000\040\000d\000u\000\040\000f\000l\000u\000x\000\040\000q\000u\000o\000t\000i\000d\000i\000e\000n}{chapter.4}% 66
\BOOKMARK [2][-]{subsection.4.5.1}{\376\377\000P\000r\000i\000n\000c\000i\000p\000e}{section.4.5}% 67
\BOOKMARK [2][-]{subsection.4.5.2}{\376\377\000H\000y\000p\000e\000r\000p\000a\000r\000a\000m\000\350\000t\000r\000e\000s}{section.4.5}% 68
\BOOKMARK [1][-]{section.4.6}{\376\377\000M\000o\000d\000\350\000l\000e\000\040\000R\000a\000n\000d\000o\000m\000\040\000F\000o\000r\000e\000s\000t\000\040\040\023\000\040\000P\000r\000\351\000d\000i\000c\000t\000i\000o\000n\000\040\000d\000e\000\040\000l\000'\000o\000r\000i\000e\000n\000t\000a\000t\000i\000o\000n}{chapter.4}% 69
\BOOKMARK [2][-]{subsection.4.6.1}{\376\377\000P\000r\000i\000n\000c\000i\000p\000e}{section.4.6}% 70
\BOOKMARK [2][-]{subsection.4.6.2}{\376\377\000I\000m\000p\000o\000r\000t\000a\000n\000c\000e\000\040\000d\000e\000s\000\040\000v\000a\000r\000i\000a\000b\000l\000e\000s\000\040\000\050\000f\000e\000a\000t\000u\000r\000e\000\040\000i\000m\000p\000o\000r\000t\000a\000n\000c\000e\000\051}{section.4.6}% 71
\BOOKMARK [2][-]{subsection.4.6.3}{\376\377\000M\000a\000t\000r\000i\000c\000e\000\040\000d\000e\000\040\000c\000o\000n\000f\000u\000s\000i\000o\000n\000\040\040\023\000\040\000R\000a\000n\000d\000o\000m\000\040\000F\000o\000r\000e\000s\000t}{section.4.6}% 72
\BOOKMARK [1][-]{section.4.7}{\376\377\000M\000o\000d\000\350\000l\000e\000\040\000P\000r\000o\000p\000h\000e\000t\000\040\040\023\000\040\000P\000r\000\351\000v\000i\000s\000i\000o\000n\000\040\000d\000e\000s\000\040\000s\000\351\000r\000i\000e\000s\000\040\000t\000e\000m\000p\000o\000r\000e\000l\000l\000e\000s}{chapter.4}% 73
\BOOKMARK [1][-]{section.4.8}{\376\377\000\311\000v\000a\000l\000u\000a\000t\000i\000o\000n\000\040\000d\000e\000s\000\040\000m\000o\000d\000\350\000l\000e\000s}{chapter.4}% 74
\BOOKMARK [2][-]{subsection.4.8.1}{\376\377\000M\000\351\000t\000r\000i\000q\000u\000e\000s\000\040\000d\000e\000\040\000p\000e\000r\000f\000o\000r\000m\000a\000n\000c\000e}{section.4.8}% 75
\BOOKMARK [1][-]{section.4.9}{\376\377\000I\000n\000t\000\351\000g\000r\000a\000t\000i\000o\000n\000\040\000d\000a\000n\000s\000\040\000l\000e\000\040\000d\000a\000s\000h\000b\000o\000a\000r\000d}{chapter.4}% 76
\BOOKMARK [1][-]{section.4.10}{\376\377\000C\000o\000n\000c\000l\000u\000s\000i\000o\000n}{chapter.4}% 77
\BOOKMARK [0][-]{chapter.5}{\376\377\000V\000i\000s\000u\000a\000l\000i\000s\000a\000t\000i\000o\000n\000\040\000\046\000\040\000T\000a\000b\000l\000e\000a\000u\000\040\000d\000e\000\040\000B\000o\000r\000d}{}% 78
\BOOKMARK [1][-]{section.5.1}{\376\377\000I\000n\000t\000r\000o\000d\000u\000c\000t\000i\000o\000n}{chapter.5}% 79
\BOOKMARK [1][-]{section.5.2}{\376\377\000A\000r\000c\000h\000i\000t\000e\000c\000t\000u\000r\000e\000\040\000f\000r\000o\000n\000t\000e\000n\000d}{chapter.5}% 80
\BOOKMARK [2][-]{subsection.5.2.1}{\376\377\000O\000r\000g\000a\000n\000i\000s\000a\000t\000i\000o\000n\000\040\000d\000u\000\040\000c\000o\000d\000e\000\040\000R\000e\000a\000c\000t}{section.5.2}% 81
\BOOKMARK [2][-]{subsection.5.2.2}{\376\377\000C\000h\000o\000i\000x\000\040\000d\000e\000s\000\040\000t\000e\000c\000h\000n\000o\000l\000o\000g\000i\000e\000s\000\040\000d\000e\000\040\000v\000i\000s\000u\000a\000l\000i\000s\000a\000t\000i\000o\000n}{section.5.2}% 82
\BOOKMARK [2][-]{subsection.5.2.3}{\376\377\000C\000o\000n\000t\000r\000\364\000l\000e\000\040\000d\000'\000a\000c\000c\000\350\000s\000\040\040\023\000\040\000R\000B\000A\000C}{section.5.2}% 83
\BOOKMARK [1][-]{section.5.3}{\376\377\000P\000r\000i\000n\000c\000i\000p\000e\000s\000\040\000U\000X\000/\000U\000I\000\040\000e\000t\000\040\000a\000c\000c\000e\000s\000s\000i\000b\000i\000l\000i\000t\000\351}{chapter.5}% 84
\BOOKMARK [2][-]{subsection.5.3.1}{\376\377\000J\000u\000s\000t\000i\000f\000i\000c\000a\000t\000i\000o\000n\000\040\000d\000e\000s\000\040\000c\000h\000o\000i\000x\000\040\000d\000e\000\040\000d\000e\000s\000i\000g\000n}{section.5.3}% 85
\BOOKMARK [2][-]{subsection.5.3.2}{\376\377\000A\000c\000c\000e\000s\000s\000i\000b\000i\000l\000i\000t\000\351\000\040\000e\000t\000\040\000c\000o\000m\000p\000a\000t\000i\000b\000i\000l\000i\000t\000\351\000\040\000r\000e\000s\000p\000o\000n\000s\000i\000v\000e}{section.5.3}% 86
\BOOKMARK [1][-]{section.5.4}{\376\377\000P\000r\000\351\000s\000e\000n\000t\000a\000t\000i\000o\000n\000\040\000d\000e\000s\000\040\000p\000a\000g\000e\000s\000\040\000d\000u\000\040\000d\000a\000s\000h\000b\000o\000a\000r\000d}{chapter.5}% 87
\BOOKMARK [2][-]{subsection.5.4.1}{\376\377\000P\000a\000g\000e\000\040\0001\000\040\040\023\000\040\000A\000u\000t\000h\000e\000n\000t\000i\000f\000i\000c\000a\000t\000i\000o\000n}{section.5.4}% 88
\BOOKMARK [2][-]{subsection.5.4.2}{\376\377\000P\000a\000g\000e\000\040\0002\000\040\040\023\000\040\000K\000P\000I\000s\000\040\000G\000l\000o\000b\000a\000u\000x}{section.5.4}% 89
\BOOKMARK [2][-]{subsection.5.4.3}{\376\377\000P\000a\000g\000e\000\040\0003\000\040\040\023\000\040\000A\000n\000a\000l\000y\000s\000e\000\040\000T\000e\000m\000p\000o\000r\000e\000l\000l\000e}{section.5.4}% 90
\BOOKMARK [2][-]{subsection.5.4.4}{\376\377\000P\000a\000g\000e\000\040\0004\000\040\040\023\000\040\000P\000r\000\351\000d\000i\000c\000t\000i\000o\000n\000s\000\040\000I\000A}{section.5.4}% 91
\BOOKMARK [2][-]{subsection.5.4.5}{\376\377\000P\000a\000g\000e\000\040\0005\000\040\040\023\000\040\000R\000e\000s\000s\000o\000u\000r\000c\000e\000s\000\040\000H\000u\000m\000a\000i\000n\000e\000s}{section.5.4}% 92
\BOOKMARK [2][-]{subsection.5.4.6}{\376\377\000P\000a\000g\000e\000\040\0006\000\040\040\023\000\040\000S\000o\000i\000n\000s\000\040\000M\000\351\000d\000i\000c\000a\000u\000x}{section.5.4}% 93
\BOOKMARK [2][-]{subsection.5.4.7}{\376\377\000P\000a\000g\000e\000\040\0007\000\040\040\023\000\040\000P\000a\000t\000i\000e\000n\000t\000s\000\040\000A\000c\000t\000u\000e\000l\000s}{section.5.4}% 94
\BOOKMARK [2][-]{subsection.5.4.8}{\376\377\000P\000a\000g\000e\000\040\0008\000\040\040\023\000\040\000A\000d\000m\000i\000s\000s\000i\000o\000n\000\040\000P\000a\000t\000i\000e\000n\000t}{section.5.4}% 95
\BOOKMARK [2][-]{subsection.5.4.9}{\376\377\000P\000a\000g\000e\000\040\0009\000\040\040\023\000\040\000G\000e\000s\000t\000i\000o\000n\000\040\000d\000e\000s\000\040\000L\000i\000t\000s}{section.5.4}% 96
\BOOKMARK [2][-]{subsection.5.4.10}{\376\377\000P\000a\000g\000e\000\040\0001\0000\000\040\040\023\000\040\000G\000e\000s\000t\000i\000o\000n\000\040\000d\000u\000\040\000P\000e\000r\000s\000o\000n\000n\000e\000l}{section.5.4}% 97
\BOOKMARK [2][-]{subsection.5.4.11}{\376\377\000P\000a\000g\000e\000s\000\040\0001\0001\000\040\000\340\000\040\0001\0005}{section.5.4}% 98
\BOOKMARK [1][-]{section.5.5}{\376\377\000A\000r\000c\000h\000i\000t\000e\000c\000t\000u\000r\000e\000\040\000d\000e\000\040\000l\000'\000a\000p\000p\000l\000i\000c\000a\000t\000i\000o\000n}{chapter.5}% 99
\BOOKMARK [1][-]{section.5.6}{\376\377\000C\000o\000n\000c\000l\000u\000s\000i\000o\000n}{chapter.5}% 100
\BOOKMARK [0][-]{chapter.6}{\376\377\000S\000\351\000c\000u\000r\000i\000t\000\351\000,\000\040\000P\000e\000r\000f\000o\000r\000m\000a\000n\000c\000e\000\040\000e\000t\000\040\000D\000\351\000p\000l\000o\000i\000e\000m\000e\000n\000t}{}% 101
\BOOKMARK [1][-]{section.6.1}{\376\377\000I\000n\000t\000r\000o\000d\000u\000c\000t\000i\000o\000n}{chapter.6}% 102
\BOOKMARK [1][-]{section.6.2}{\376\377\000S\000\351\000c\000u\000r\000i\000t\000\351\000\040\000d\000e\000\040\000l\000'\000a\000p\000p\000l\000i\000c\000a\000t\000i\000o\000n}{chapter.6}% 103
\BOOKMARK [2][-]{subsection.6.2.1}{\376\377\000A\000u\000t\000h\000e\000n\000t\000i\000f\000i\000c\000a\000t\000i\000o\000n\000\040\000p\000a\000r\000\040\000J\000S\000O\000N\000\040\000W\000e\000b\000\040\000T\000o\000k\000e\000n\000\040\000\050\000J\000W\000T\000\051}{section.6.2}% 104
\BOOKMARK [2][-]{subsection.6.2.2}{\376\377\000H\000a\000c\000h\000a\000g\000e\000\040\000d\000e\000s\000\040\000m\000o\000t\000s\000\040\000d\000e\000\040\000p\000a\000s\000s\000e}{section.6.2}% 105
\BOOKMARK [2][-]{subsection.6.2.3}{\376\377\000C\000o\000n\000t\000r\000\364\000l\000e\000\040\000d\000'\000a\000c\000c\000\350\000s\000\040\000b\000a\000s\000\351\000\040\000s\000u\000r\000\040\000l\000e\000s\000\040\000r\000\364\000l\000e\000s\000\040\000\050\000R\000B\000A\000C\000\051}{section.6.2}% 106
\BOOKMARK [2][-]{subsection.6.2.4}{\376\377\000F\000i\000l\000t\000r\000a\000g\000e\000\040\000p\000a\000r\000\040\000\351\000t\000a\000b\000l\000i\000s\000s\000e\000m\000e\000n\000t}{section.6.2}% 107
\BOOKMARK [1][-]{section.6.3}{\376\377\000P\000e\000r\000f\000o\000r\000m\000a\000n\000c\000e\000\040\000e\000t\000\040\000o\000p\000t\000i\000m\000i\000s\000a\000t\000i\000o\000n}{chapter.6}% 108
\BOOKMARK [2][-]{subsection.6.3.1}{\376\377\000C\000a\000c\000h\000e\000\040\000P\000a\000r\000q\000u\000e\000t}{section.6.3}% 109
\BOOKMARK [2][-]{subsection.6.3.2}{\376\377\000S\000t\000r\000a\000t\000\351\000g\000i\000e\000\040\000d\000e\000\040\000m\000i\000s\000e\000\040\000e\000n\000\040\000c\000a\000c\000h\000e}{section.6.3}% 110
\BOOKMARK [2][-]{subsection.6.3.3}{\376\377\000T\000e\000m\000p\000s\000\040\000d\000e\000\040\000r\000\351\000p\000o\000n\000s\000e\000\040\000d\000e\000s\000\040\000A\000P\000I}{section.6.3}% 111
\BOOKMARK [2][-]{subsection.6.3.4}{\376\377\000T\000e\000s\000t\000s\000\040\000d\000e\000\040\000c\000h\000a\000r\000g\000e\000\040\000\050\000L\000o\000c\000u\000s\000t\000\051}{section.6.3}% 112
\BOOKMARK [1][-]{section.6.4}{\376\377\000D\000\351\000p\000l\000o\000i\000e\000m\000e\000n\000t\000\040\000D\000o\000c\000k\000e\000r}{chapter.6}% 113
\BOOKMARK [2][-]{subsection.6.4.1}{\376\377\000C\000o\000n\000f\000i\000g\000u\000r\000a\000t\000i\000o\000n\000\040\000D\000o\000c\000k\000e\000r\000\040\000C\000o\000m\000p\000o\000s\000e}{section.6.4}% 114
\BOOKMARK [2][-]{subsection.6.4.2}{\376\377\000C\000o\000m\000m\000a\000n\000d\000e\000s\000\040\000d\000e\000\040\000d\000\351\000p\000l\000o\000i\000e\000m\000e\000n\000t}{section.6.4}% 115
\BOOKMARK [2][-]{subsection.6.4.3}{\376\377\000U\000R\000L\000s\000\040\000d\000'\000a\000c\000c\000\350\000s}{section.6.4}% 116
\BOOKMARK [2][-]{subsection.6.4.4}{\376\377\000P\000l\000a\000n\000\040\000d\000e\000\040\000s\000a\000u\000v\000e\000g\000a\000r\000d\000e\000\040\000e\000t\000\040\000r\000e\000p\000r\000i\000s\000e\000\040\000a\000p\000r\000\350\000s\000\040\000i\000n\000c\000i\000d\000e\000n\000t}{section.6.4}% 117
\BOOKMARK [2][-]{subsection.6.4.5}{\376\377\000C\000o\000n\000f\000i\000g\000u\000r\000a\000t\000i\000o\000n\000\040\000H\000T\000T\000P\000S\000/\000S\000S\000L}{section.6.4}% 118
\BOOKMARK [1][-]{section.6.5}{\376\377\000T\000e\000s\000t\000s\000\040\000e\000t\000\040\000v\000a\000l\000i\000d\000a\000t\000i\000o\000n}{chapter.6}% 119
\BOOKMARK [2][-]{subsection.6.5.1}{\376\377\000S\000t\000r\000a\000t\000\351\000g\000i\000e\000\040\000d\000e\000\040\000t\000e\000s\000t}{section.6.5}% 120
\BOOKMARK [2][-]{subsection.6.5.2}{\376\377\000S\000c\000\351\000n\000a\000r\000i\000o\000s\000\040\000d\000e\000\040\000t\000e\000s\000t\000\040\000c\000r\000i\000t\000i\000q\000u\000e\000s}{section.6.5}% 121
\BOOKMARK [2][-]{subsection.6.5.3}{\376\377\000V\000a\000l\000i\000d\000a\000t\000i\000o\000n\000\040\000a\000v\000e\000c\000\040\000l\000e\000s\000\040\000u\000t\000i\000l\000i\000s\000a\000t\000e\000u\000r\000s\000\040\000f\000i\000n\000a\000u\000x}{section.6.5}% 122
\BOOKMARK [1][-]{section.6.6}{\376\377\000C\000o\000n\000c\000l\000u\000s\000i\000o\000n}{chapter.6}% 123
\BOOKMARK [0][-]{chapter*.78}{\376\377\000C\000o\000n\000c\000l\000u\000s\000i\000o\000n\000\040\000G\000\351\000n\000\351\000r\000a\000l\000e}{}% 124
\BOOKMARK [0][-]{Item.22}{\376\377\000B\000i\000b\000l\000i\000o\000g\000r\000a\000p\000h\000i\000e}{}% 125
\BOOKMARK [0][-]{section*.80}{\376\377\000A\000n\000n\000e\000x\000e\000s}{}% 126
\BOOKMARK [1][-]{section.6.7}{\376\377\000S\000t\000r\000u\000c\000t\000u\000r\000e\000\040\000c\000o\000m\000p\000l\000\350\000t\000e\000\040\000d\000u\000\040\000p\000r\000o\000j\000e\000t}{section*.80}% 127
\BOOKMARK [1][-]{section.6.8}{\376\377\000E\000n\000d\000p\000o\000i\000n\000t\000s\000\040\000A\000P\000I\000\040\000c\000o\000m\000p\000l\000e\000t\000s}{section*.80}% 128
\BOOKMARK [1][-]{section.6.9}{\376\377\000G\000a\000l\000e\000r\000i\000e\000\040\000d\000e\000s\000\040\000c\000a\000p\000t\000u\000r\000e\000s\000\040\000d\000'\000\351\000c\000r\000a\000n}{section*.80}% 129
